materialization sql-analysis handler started
sql-analysis build repo=sdd-pilot memory_limit=1GB threads=1
sql-analysis database initialize started
sql-analysis database initialize completed; duration=0.3s
sql-analysis ingest all facts started
sql-analysis ingest sql_statement records=8 started
sql-analysis ingest sql_statement records=8 completed; duration=0.0s
sql-analysis ingest sql_script_statement records=0 started
sql-analysis ingest sql_script_statement records=0 completed; duration=0.0s
sql-analysis ingest sql_script_call records=0 started
sql-analysis ingest sql_script_call records=0 completed; duration=0.0s
sql-analysis ingest sql_script_binding records=0 started
sql-analysis ingest sql_script_binding records=0 completed; duration=0.0s
sql-analysis ingest sql_script_embedded_sql records=0 started
sql-analysis ingest sql_script_embedded_sql records=0 completed; duration=0.0s
sql-analysis ingest sql_script_invocation records=0 started
sql-analysis ingest sql_script_invocation records=0 completed; duration=0.0s
sql-analysis ingest sql_semantic_placeholder records=0 started
sql-analysis ingest sql_semantic_placeholder records=0 completed; duration=0.0s
sql-analysis ingest sql_workflow_binding records=15 started
sql-analysis ingest sql_workflow_binding records=15 completed; duration=0.0s
sql-analysis ingest sql_select_scope records=9 started
sql-analysis ingest sql_select_scope records=9 completed; duration=0.0s
sql-analysis ingest sql_relation records=17 started
sql-analysis ingest sql_relation records=17 completed; duration=0.0s
sql-analysis ingest sql_column_usage records=29 started
sql-analysis ingest sql_column_usage records=29 completed; duration=0.0s
sql-analysis ingest sql_projection records=11 started
sql-analysis ingest sql_projection records=11 completed; duration=0.0s
sql-analysis ingest sql_write_target records=1 started
sql-analysis ingest sql_write_target records=1 completed; duration=0.0s
sql-analysis ingest sql_target_projection_binding records=2 started
sql-analysis ingest sql_target_projection_binding records=2 completed; duration=0.0s
sql-analysis ingest sql_join_edge records=8 started
sql-analysis ingest sql_join_edge records=8 completed; duration=0.0s
sql-analysis ingest sql_direct_column_lineage records=2 started
sql-analysis ingest sql_direct_column_lineage records=2 completed; duration=0.0s
sql-analysis ingest sql_recursive_column_lineage records=2 started
sql-analysis ingest sql_recursive_column_lineage records=2 completed; duration=0.0s
sql-analysis ingest sql_object_dependency records=2 started
sql-analysis ingest sql_object_dependency records=2 completed; duration=0.0s
sql-analysis ingest sql_scoped_lineage_gap records=0 started
sql-analysis ingest sql_scoped_lineage_gap records=0 completed; duration=0.0s
sql-analysis ingest summary sql_statement=8, sql_script_statement=0, sql_script_call=0, sql_script_binding=0, sql_script_embedded_sql=0, sql_script_invocation=0, sql_semantic_placeholder=0, sql_workflow_binding=15, sql_select_scope=9, sql_relation=17, sql_column_usage=29, sql_projection=11, sql_write_target=1, sql_target_projection_binding=2, sql_join_edge=8, sql_direct_column_lineage=2, sql_recursive_column_lineage=2, sql_object_dependency=2, sql_scoped_lineage_gap=0
sql-analysis ingest all facts completed; duration=0.1s
sql-analysis workflow_context started
workflow-context reset derived tables started
workflow-context reset derived tables completed; duration=0.0s
workflow-context load known files and bindings started
workflow-context load known files and bindings completed; duration=0.0s
workflow-context inventory known_files=2 bindings=15
workflow-context binding references discovered=1; duration=0.0s
workflow-context script invocation references total=1; unique_templates=1; duration=0.0s
workflow-context file references published=1; duration=0.0s
workflow-context placeholders loaded files=0 roots=1 config_roots=1 direct_sql_roots=0; duration=0.0s
workflow-context traversal roots=1/1 context_files=1 resolutions=0 elapsed=0.0s
workflow-context traversal completed; context_files=1 resolutions=0; duration=0.0s
workflow-context context rows published=1; duration=0.0s
workflow-context placeholder resolutions published=0; duration=0.0s
sql-analysis workflow_context completed; duration=0.0s
sql-analysis workflow_context summary={'known_file_count': 2, 'workflow_context_count': 1, 'file_reference_count': 1, 'resolved_file_reference_count': 0, 'ambiguous_file_reference_count': 0, 'unresolved_file_reference_count': 1, 'workflow_context_file_count': 1, 'placeholder_binding_resolution_count': 0, 'placeholder_binding_by_status': {}, 'environment_config_path': None, 'environment_binding_count': 0}
sql-analysis producer_continued_direct_lineage started
sql-analysis producer_continued_direct_lineage completed; duration=0.0s
sql-analysis producer_continued_direct_lineage summary={'matched_relation_materialization_evidence': 0, 'candidate_direct_rows': 0, 'continued_source_rows': 0, 'continued_rows': 0}
sql-analysis workflow_target_lineage started
workflow-target-lineage derive producer observations started
workflow-target-lineage derive producer observations completed; duration=0.0s
workflow-target-lineage producer observations materializations=0 workflow_dependencies=0
workflow-target-lineage build producer traversal started
workflow-target-lineage build producer traversal completed; duration=0.0s
workflow-target-lineage resolved sql contexts=0
workflow-target-lineage script-seeded traversal started
workflow-target-lineage script-seeded traversal completed; duration=0.0s; transforms=0; target_columns=0; lineage_paths=0; gaps=0
workflow-target-lineage materialization-seeded traversal started; target_pairs=0
workflow-target-lineage materialization-seeded traversal completed; duration=0.0s; batch_rows=0; total_lineage_paths=0; gaps=0
sql-analysis workflow_target_lineage completed; duration=0.1s
sql-analysis workflow_target_lineage summary={'workflow_transform_count': 0, 'target_projection_count': 0, 'lineage_path_count': 0, 'gap_count': 0}
sql-analysis relation_semantic_roles started
sql-analysis relation_semantic_roles completed; duration=0.0s
sql-analysis relation_semantic_roles summary={'total_relations': 6, 'hidden_by_default': 1, 'visible_by_default': 5, 'by_role': {'external_source': 5, 'internal_intermediate': 1}, 'by_status': {'confirmed': 6}}
sql-analysis validation started
sql-analysis validation completed; duration=0.0s
sql-analysis table counts started
sql-analysis table counts completed; duration=0.0s
sql-analysis checkpoint started
sql-analysis checkpoint completed; duration=0.2s
sql-analysis database close started
sql-analysis database close completed; duration=0.0s
sql-analysis manifest write started
sql-analysis manifest write completed; duration=0.0s
sql-analysis atomic publish started
sql-analysis atomic publish completed; duration=0.0s
sql-analysis completed counts sql_analysis_build=1, sql_analysis_repository=1, sql_column_usage=29, sql_direct_column_lineage=2, sql_join_edge=8, sql_object_dependency=2, sql_placeholder_binding_resolution=0, sql_producer_continued_column_lineage=0, sql_projection=11, sql_recursive_column_lineage=2, sql_relation=17, sql_relation_materialization_evidence=0, sql_relation_semantic_role=6, sql_scoped_lineage_gap=0, sql_script_binding=0, sql_script_call=0, sql_script_embedded_sql=0, sql_script_invocation=0, sql_script_statement=0, sql_select_scope=9, sql_semantic_placeholder=0, sql_statement=8, sql_target_projection_binding=2, sql_workflow_binding=15, sql_workflow_context_file=1, sql_workflow_file_reference=1, sql_workflow_target_column_lineage=0, sql_workflow_target_lineage_gap=0, sql_write_target=1
materialization sql-analysis handler completed
